// Vitest Snapshot v1, https://vitest.dev/guide/snapshot.html

exports[`UserMenu > should render 1`] = `
<body>
  <div />
</body>
`;
