// Jest Snapshot v1, https://goo.gl/fbAQLP

exports[`Authenticated app renders correctly 1`] = `
<div>
  <div
    class="MuiBox-root css-lglgsn"
  >
    <div
      class="MuiBox-root css-175rvmj"
    >
      <header
        class="MuiPaper-root MuiPaper-elevation MuiPaper-elevation4 MuiAppBar-root MuiAppBar-colorPrimary MuiAppBar-positionFixed mui-fixed css-1mifq5q-MuiPaper-root-MuiAppBar-root"
      >
        <div
          class="MuiToolbar-root MuiToolbar-gutters MuiToolbar-regular css-dv03od-MuiToolbar-root"
        >
          <div
            class="MuiBox-root css-12z0wuy"
          >
            <button
              aria-label="Expand Navigation"
              class="MuiButtonBase-root MuiIconButton-root MuiIconButton-edgeStart MuiIconButton-sizeMedium css-1aqok8w-MuiButtonBase-root-MuiIconButton-root"
              tabindex="0"
              type="button"
            >
              <svg
                aria-hidden="true"
                class="MuiSvgIcon-root MuiSvgIcon-fontSizeMedium css-i4bv87-MuiSvgIcon-root"
                data-testid="MenuIcon"
                focusable="false"
                viewBox="0 0 24 24"
              >
                <path
                  d="M3 18h18v-2H3v2zm0-5h18v-2H3v2zm0-7v2h18V6H3z"
                />
              </svg>
            </button>
          </div>
          <div
            class="MuiBox-root css-zdpt2t"
          >
            <div
              class="MuiBox-root css-ji4awn"
            >
              <img
                alt="Estuary"
                src="logo-estuary.png"
                width="120"
              />
            </div>
          </div>
          <div
            class="css-1f39f1a-MuiStack-root"
          >
            <button
              aria-controls="help-menu-menu"
              aria-haspopup="true"
              aria-label="Open help"
              class="MuiButtonBase-root MuiIconButton-root MuiIconButton-sizeMedium css-j8rmhe-MuiButtonBase-root-MuiIconButton-root"
              data-mui-internal-clone-element="true"
              id="help-menu-button"
              tabindex="0"
              type="button"
            >
              <svg
                aria-hidden="true"
                class="MuiSvgIcon-root MuiSvgIcon-fontSizeMedium css-i4bv87-MuiSvgIcon-root"
                data-testid="HelpIcon"
                focusable="false"
                viewBox="0 0 24 24"
              >
                <path
                  d="M12 2C6.48 2 2 6.48 2 12s4.48 10 10 10 10-4.48 10-10S17.52 2 12 2zm1 17h-2v-2h2v2zm2.07-7.75-.9.92C13.45 12.9 13 13.5 13 15h-2v-.5c0-1.1.45-2.1 1.17-2.83l1.24-1.26c.37-.36.59-.86.59-1.41 0-1.1-.9-2-2-2s-2 .9-2 2H8c0-2.21 1.79-4 4-4s4 1.79 4 4c0 .88-.36 1.68-.93 2.25z"
                />
              </svg>
            </button>
            <button
              aria-controls="account-menu-menu"
              aria-haspopup="true"
              aria-label="Open account menu"
              class="MuiButtonBase-root MuiIconButton-root MuiIconButton-sizeMedium css-j8rmhe-MuiButtonBase-root-MuiIconButton-root"
              data-mui-internal-clone-element="true"
              id="account-menu-button"
              tabindex="0"
              type="button"
            >
              <div
                class="MuiAvatar-root MuiAvatar-circular MuiAvatar-colorDefault css-12nwhkj-MuiAvatar-root"
              >
                T
              </div>
            </button>
          </div>
        </div>
      </header>
    </div>
    <div
      class="MuiBox-root css-8ujnwz"
    >
      <div
        class="MuiDrawer-root MuiDrawer-docked css-bippya-MuiDrawer-docked"
      >
        <div
          class="MuiPaper-root MuiPaper-elevation MuiPaper-elevation0 MuiDrawer-paper MuiDrawer-paperAnchorLeft MuiDrawer-paperAnchorDockedLeft css-12i7wg6-MuiPaper-root-MuiDrawer-paper"
        >
          <div
            class="MuiToolbar-root MuiToolbar-gutters MuiToolbar-regular css-pqgv1q-MuiToolbar-root"
          />
          <div
            class="MuiBox-root css-1kzo3b9"
          >
            <ul
              aria-label="main application navigation"
              class="MuiList-root MuiList-padding css-h4y409-MuiList-root"
            >
              <li>
                <a
                  aria-label="Collections"
                  class="MuiListItemButton-root MuiListItemButton-gutters MuiButtonBase-root  css-gjl4xh-MuiButtonBase-root-MuiListItemButton-root Mui-disabled"
                  data-mui-internal-clone-element="true"
                  href="/app/collections"
                  role="button"
                  tabindex="0"
                >
                  <div
                    class="MuiListItemIcon-root css-cveggr-MuiListItemIcon-root"
                  >
                    <svg
                      aria-hidden="true"
                      class="MuiSvgIcon-root MuiSvgIcon-fontSizeMedium css-i4bv87-MuiSvgIcon-root"
                      data-testid="ExploreIcon"
                      focusable="false"
                      viewBox="0 0 24 24"
                    >
                      <path
                        d="M12 10.9c-.61 0-1.1.49-1.1 1.1s.49 1.1 1.1 1.1c.61 0 1.1-.49 1.1-1.1s-.49-1.1-1.1-1.1zM12 2C6.48 2 2 6.48 2 12s4.48 10 10 10 10-4.48 10-10S17.52 2 12 2zm2.19 12.19L6 18l3.81-8.19L18 6l-3.81 8.19z"
                      />
                    </svg>
                  </div>
                  <div
                    class="MuiListItemText-root css-tlelie-MuiListItemText-root"
                  >
                    <span
                      class="MuiTypography-root MuiTypography-body1 MuiListItemText-primary css-1ler6va-MuiTypography-root"
                    >
                      Collections
                    </span>
                  </div>
                </a>
              </li>
              <li>
                <a
                  aria-label="Captures"
                  class="MuiListItemButton-root MuiListItemButton-gutters MuiButtonBase-root  css-gjl4xh-MuiButtonBase-root-MuiListItemButton-root"
                  data-mui-internal-clone-element="true"
                  href="/app/captures"
                  role="button"
                  tabindex="0"
                >
                  <div
                    class="MuiListItemIcon-root css-cveggr-MuiListItemIcon-root"
                  >
                    <svg
                      aria-hidden="true"
                      class="MuiSvgIcon-root MuiSvgIcon-fontSizeMedium css-i4bv87-MuiSvgIcon-root"
                      data-testid="InputIcon"
                      focusable="false"
                      viewBox="0 0 24 24"
                    >
                      <path
                        d="M21 3.01H3c-1.1 0-2 .9-2 2V9h2V4.99h18v14.03H3V15H1v4.01c0 1.1.9 1.98 2 1.98h18c1.1 0 2-.88 2-1.98v-14c0-1.11-.9-2-2-2zM11 16l4-4-4-4v3H1v2h10v3z"
                      />
                    </svg>
                  </div>
                  <div
                    class="MuiListItemText-root css-tlelie-MuiListItemText-root"
                  >
                    <span
                      class="MuiTypography-root MuiTypography-body1 MuiListItemText-primary css-1ler6va-MuiTypography-root"
                    >
                      Captures
                    </span>
                  </div>
                </a>
              </li>
              <li>
                <a
                  aria-label="Materializations"
                  class="MuiListItemButton-root MuiListItemButton-gutters MuiButtonBase-root  css-gjl4xh-MuiButtonBase-root-MuiListItemButton-root Mui-disabled"
                  data-mui-internal-clone-element="true"
                  href="/app/materializations"
                  role="button"
                  tabindex="0"
                >
                  <div
                    class="MuiListItemIcon-root css-cveggr-MuiListItemIcon-root"
                  >
                    <svg
                      aria-hidden="true"
                      class="MuiSvgIcon-root MuiSvgIcon-fontSizeMedium css-i4bv87-MuiSvgIcon-root"
                      data-testid="StorageIcon"
                      focusable="false"
                      viewBox="0 0 24 24"
                    >
                      <path
                        d="M2 20h20v-4H2v4zm2-3h2v2H4v-2zM2 4v4h20V4H2zm4 3H4V5h2v2zm-4 7h20v-4H2v4zm2-3h2v2H4v-2z"
                      />
                    </svg>
                  </div>
                  <div
                    class="MuiListItemText-root css-tlelie-MuiListItemText-root"
                  >
                    <span
                      class="MuiTypography-root MuiTypography-body1 MuiListItemText-primary css-1ler6va-MuiTypography-root"
                    >
                      Materializations
                    </span>
                  </div>
                </a>
              </li>
              <li>
                <a
                  aria-label="Derivations"
                  class="MuiListItemButton-root MuiListItemButton-gutters MuiButtonBase-root  css-gjl4xh-MuiButtonBase-root-MuiListItemButton-root Mui-disabled"
                  data-mui-internal-clone-element="true"
                  href="/app/derivations"
                  role="button"
                  tabindex="0"
                >
                  <div
                    class="MuiListItemIcon-root css-cveggr-MuiListItemIcon-root"
                  >
                    <svg
                      aria-hidden="true"
                      class="MuiSvgIcon-root MuiSvgIcon-fontSizeMedium css-i4bv87-MuiSvgIcon-root"
                      data-testid="CodeIcon"
                      focusable="false"
                      viewBox="0 0 24 24"
                    >
                      <path
                        d="M9.4 16.6 4.8 12l4.6-4.6L8 6l-6 6 6 6 1.4-1.4zm5.2 0 4.6-4.6-4.6-4.6L16 6l6 6-6 6-1.4-1.4z"
                      />
                    </svg>
                  </div>
                  <div
                    class="MuiListItemText-root css-tlelie-MuiListItemText-root"
                  >
                    <span
                      class="MuiTypography-root MuiTypography-body1 MuiListItemText-primary css-1ler6va-MuiTypography-root"
                    >
                      Derivations
                    </span>
                  </div>
                </a>
              </li>
              <li>
                <a
                  aria-label="Change Set"
                  class="MuiListItemButton-root MuiListItemButton-gutters MuiButtonBase-root  css-gjl4xh-MuiButtonBase-root-MuiListItemButton-root"
                  data-mui-internal-clone-element="true"
                  href="/app/change-set"
                  role="button"
                  tabindex="0"
                >
                  <div
                    class="MuiListItemIcon-root css-cveggr-MuiListItemIcon-root"
                  >
                    <svg
                      aria-hidden="true"
                      class="MuiSvgIcon-root MuiSvgIcon-fontSizeMedium css-i4bv87-MuiSvgIcon-root"
                      data-testid="CompareArrowsIcon"
                      focusable="false"
                      viewBox="0 0 24 24"
                    >
                      <path
                        d="M9.01 14H2v2h7.01v3L13 15l-3.99-4v3zm5.98-1v-3H22V8h-7.01V5L11 9l3.99 4z"
                      />
                    </svg>
                  </div>
                  <div
                    class="MuiListItemText-root css-tlelie-MuiListItemText-root"
                  >
                    <span
                      class="MuiTypography-root MuiTypography-body1 MuiListItemText-primary css-1ler6va-MuiTypography-root"
                    >
                      Change Set
                    </span>
                  </div>
                </a>
              </li>
              <li>
                <a
                  aria-label="Administration"
                  class="MuiListItemButton-root MuiListItemButton-gutters MuiButtonBase-root  css-gjl4xh-MuiButtonBase-root-MuiListItemButton-root"
                  data-mui-internal-clone-element="true"
                  href="/app/admin"
                  role="button"
                  tabindex="0"
                >
                  <div
                    class="MuiListItemIcon-root css-cveggr-MuiListItemIcon-root"
                  >
                    <svg
                      aria-hidden="true"
                      class="MuiSvgIcon-root MuiSvgIcon-fontSizeMedium css-i4bv87-MuiSvgIcon-root"
                      data-testid="HomeRepairServiceIcon"
                      focusable="false"
                      viewBox="0 0 24 24"
                    >
                      <path
                        d="M18 16h-2v-1H8v1H6v-1H2v5h20v-5h-4zm2-8h-3V6c0-1.1-.9-2-2-2H9c-1.1 0-2 .9-2 2v2H4c-1.1 0-2 .9-2 2v4h4v-2h2v2h8v-2h2v2h4v-4c0-1.1-.9-2-2-2zm-5 0H9V6h6v2z"
                      />
                    </svg>
                  </div>
                  <div
                    class="MuiListItemText-root css-tlelie-MuiListItemText-root"
                  >
                    <span
                      class="MuiTypography-root MuiTypography-body1 MuiListItemText-primary css-1ler6va-MuiTypography-root"
                    >
                      Administration
                    </span>
                  </div>
                </a>
              </li>
            </ul>
          </div>
        </div>
      </div>
    </div>
    <div
      class="MuiBox-root css-b8j5vm"
    >
      <div
        class="MuiContainer-root css-u86gcf-MuiContainer-root"
      >
        <div
          class="MuiToolbar-root MuiToolbar-gutters MuiToolbar-regular css-pqgv1q-MuiToolbar-root"
        />
        <div
          class="MuiPaper-root MuiPaper-outlined MuiPaper-rounded css-1hizfiu-MuiPaper-root"
        >
          <div
            class="MuiToolbar-root MuiToolbar-gutters MuiToolbar-regular css-18qsmgm-MuiToolbar-root"
          >
            <h3
              class="MuiTypography-root MuiTypography-h3 css-1l7gydo-MuiTypography-root"
            >
              Welcome to Control Plane!
            </h3>
          </div>
          <div
            class="MuiBox-root css-1dedz41"
          >
            <p
              class="MuiTypography-root MuiTypography-body2 css-1pkqv6n-MuiTypography-root"
            >
              Click the Capture link over on the side navigation to get started.
            </p>
          </div>
        </div>
      </div>
    </div>
  </div>
</div>
`;
